Step 1: numpy
  extracted 25/501
  extracted 50/501
  extracted 75/501
  extracted 100/501
  extracted 125/501
  extracted 150/501
  extracted 175/501
  extracted 200/501
  extracted 225/501
  extracted 250/501
  extracted 275/501
  extracted 300/501
  extracted 325/501
  extracted 350/501
  extracted 375/501
  extracted 400/501
  extracted 425/501
  extracted 450/501
  extracted 475/501
  extracted 500/501
  extracted 25/55
  extracted 50/55
{"checkpoint": "checkpoints/deepseek_1.3b/step_001.pt", "gate_validation": {"prompt_true_positive_rate": 1.0, "replacement_false_positive_rate": 0.036363635212183, "retain_false_positive_rate": 0.1090909093618393}}
Step 2: pandas
  extracted 25/57
  extracted 50/57
{"checkpoint": "checkpoints/deepseek_1.3b/step_002.pt", "gate_validation": {"prompt_true_positive_rate": 1.0, "replacement_false_positive_rate": 0.0, "retain_false_positive_rate": 0.0}}
Step 3: pytorch
  extracted 25/4567
  extracted 50/4567
  extracted 75/4567
  extracted 100/4567
  extracted 125/4567
  extracted 150/4567
  extracted 175/4567
  extracted 200/4567
  extracted 225/4567
  extracted 250/4567
  extracted 275/4567
  extracted 300/4567
  extracted 325/4567
  extracted 350/4567
  extracted 375/4567
  extracted 400/4567
  extracted 425/4567
  extracted 450/4567
  extracted 475/4567
  extracted 500/4567
  extracted 525/4567
  extracted 550/4567
  extracted 575/4567
  extracted 600/4567
  extracted 625/4567
  extracted 650/4567
  extracted 675/4567
  extracted 700/4567
  extracted 725/4567
  extracted 750/4567
  extracted 775/4567
  extracted 800/4567
  extracted 825/4567
  extracted 850/4567
  extracted 875/4567
  extracted 900/4567
  extracted 925/4567
  extracted 950/4567
  extracted 975/4567
  extracted 1000/4567
  extracted 1025/4567
  extracted 1050/4567
  extracted 1075/4567
  extracted 1100/4567
  extracted 1125/4567
  extracted 1150/4567
  extracted 1175/4567
  extracted 1200/4567
  extracted 1225/4567
  extracted 1250/4567
  extracted 1275/4567
  extracted 1300/4567
  extracted 1325/4567
  extracted 1350/4567
  extracted 1375/4567
  extracted 1400/4567
  extracted 1425/4567
  extracted 1450/4567
  extracted 1475/4567
  extracted 1500/4567
  extracted 1525/4567
  extracted 1550/4567
  extracted 1575/4567
  extracted 1600/4567
  extracted 1625/4567
  extracted 1650/4567
  extracted 1675/4567
  extracted 1700/4567
  extracted 1725/4567
  extracted 1750/4567
  extracted 1775/4567
  extracted 1800/4567
  extracted 1825/4567
  extracted 1850/4567
  extracted 1875/4567
  extracted 1900/4567
  extracted 1925/4567
  extracted 1950/4567
  extracted 1975/4567
  extracted 2000/4567
  extracted 2025/4567
  extracted 2050/4567
  extracted 2075/4567
  extracted 2100/4567
  extracted 2125/4567
  extracted 2150/4567
  extracted 2175/4567
  extracted 2200/4567
  extracted 2225/4567
  extracted 2250/4567
  extracted 2275/4567
  extracted 2300/4567
  extracted 2325/4567
  extracted 2350/4567
  extracted 2375/4567
  extracted 2400/4567
  extracted 2425/4567
  extracted 2450/4567
  extracted 2475/4567
  extracted 2500/4567
  extracted 2525/4567
  extracted 2550/4567
  extracted 2575/4567
  extracted 2600/4567
  extracted 2625/4567
  extracted 2650/4567
  extracted 2675/4567
  extracted 2700/4567
  extracted 2725/4567
  extracted 2750/4567
  extracted 2775/4567
  extracted 2800/4567
  extracted 2825/4567
  extracted 2850/4567
  extracted 2875/4567
  extracted 2900/4567
  extracted 2925/4567
  extracted 2950/4567
  extracted 2975/4567
  extracted 3000/4567
  extracted 3025/4567
  extracted 3050/4567
  extracted 3075/4567
  extracted 3100/4567
  extracted 3125/4567
  extracted 3150/4567
  extracted 3175/4567
  extracted 3200/4567
  extracted 3225/4567
  extracted 3250/4567
  extracted 3275/4567
  extracted 3300/4567
  extracted 3325/4567
  extracted 3350/4567
  extracted 3375/4567
  extracted 3400/4567
  extracted 3425/4567
  extracted 3450/4567
  extracted 3475/4567
  extracted 3500/4567
  extracted 3525/4567
  extracted 3550/4567
  extracted 3575/4567
  extracted 3600/4567
  extracted 3625/4567
  extracted 3650/4567
  extracted 3675/4567
  extracted 3700/4567
  extracted 3725/4567
  extracted 3750/4567
  extracted 3775/4567
  extracted 3800/4567
  extracted 3825/4567
  extracted 3850/4567
  extracted 3875/4567
  extracted 3900/4567
  extracted 3925/4567
  extracted 3950/4567
  extracted 3975/4567
  extracted 4000/4567
  extracted 4025/4567
  extracted 4050/4567
  extracted 4075/4567
  extracted 4100/4567
  extracted 4125/4567
  extracted 4150/4567
  extracted 4175/4567
  extracted 4200/4567
  extracted 4225/4567
  extracted 4250/4567
  extracted 4275/4567
  extracted 4300/4567
  extracted 4325/4567
  extracted 4350/4567
  extracted 4375/4567
  extracted 4400/4567
  extracted 4425/4567
  extracted 4450/4567
  extracted 4475/4567
  extracted 4500/4567
  extracted 4525/4567
  extracted 4550/4567
  skipped 3 oversized completions; IDs recorded in checkpoint
  extracted 25/508
  extracted 50/508
  extracted 75/508
  extracted 100/508
  extracted 125/508
  extracted 150/508
  extracted 175/508
  extracted 200/508
  extracted 225/508
  extracted 250/508
  extracted 275/508
  extracted 300/508
  extracted 325/508
  extracted 350/508
  extracted 375/508
  extracted 400/508
  extracted 425/508
  extracted 450/508
  extracted 475/508
  extracted 500/508
{"checkpoint": "checkpoints/deepseek_1.3b/step_003.pt", "gate_validation": {"prompt_true_positive_rate": 0.9724409580230713, "replacement_false_positive_rate": 0.023622047156095505, "retain_false_positive_rate": 0.07874015718698502}}
Step 4: scipy
  extracted 25/872
  extracted 50/872
  extracted 75/872
  extracted 100/872
  extracted 125/872
  extracted 150/872
  extracted 175/872
  extracted 200/872
  extracted 225/872
  extracted 250/872
  extracted 275/872
  extracted 300/872
  extracted 325/872
  extracted 350/872
  extracted 375/872
  extracted 400/872
  extracted 425/872
  extracted 450/872
  extracted 475/872
  extracted 500/872
  extracted 525/872
  extracted 550/872
  extracted 575/872
  extracted 600/872
  extracted 625/872
  extracted 650/872
  extracted 675/872
  extracted 700/872
  extracted 725/872
  extracted 750/872
  extracted 775/872
  extracted 800/872
  extracted 825/872
  extracted 850/872
  extracted 25/97
  extracted 50/97
  extracted 75/97
{"checkpoint": "checkpoints/deepseek_1.3b/step_004.pt", "gate_validation": {"prompt_true_positive_rate": 1.0, "replacement_false_positive_rate": 0.11340206116437912, "retain_false_positive_rate": 0.12371134012937546}}
Step 5: seaborn
  extracted 25/800
  extracted 50/800
  extracted 75/800
  extracted 100/800
  extracted 125/800
  extracted 150/800
  extracted 175/800
  extracted 200/800
  extracted 225/800
  extracted 250/800
  extracted 275/800
  extracted 300/800
  extracted 325/800
  extracted 350/800
  extracted 375/800
  extracted 400/800
  extracted 425/800
  extracted 450/800
  extracted 475/800
  extracted 500/800
  extracted 525/800
  extracted 550/800
  extracted 575/800
  extracted 600/800
  extracted 625/800
  extracted 650/800
  extracted 675/800
  extracted 700/800
  extracted 725/800
  extracted 750/800
  extracted 775/800
  extracted 800/800
  extracted 25/88
  extracted 50/88
  extracted 75/88
{"checkpoint": "checkpoints/deepseek_1.3b/step_005.pt", "gate_validation": {"prompt_true_positive_rate": 1.0, "replacement_false_positive_rate": 0.022727273404598236, "retain_false_positive_rate": 0.022727273404598236}}
Step 6: sklearn
  extracted 25/211
  extracted 50/211
  extracted 75/211
  extracted 100/211
  extracted 125/211
  extracted 150/211
  extracted 175/211
  extracted 200/211
{"checkpoint": "checkpoints/deepseek_1.3b/step_006.pt", "gate_validation": {"prompt_true_positive_rate": 1.0, "replacement_false_positive_rate": 0.0, "retain_false_positive_rate": 0.0}}
Step 7: tensorflow
  extracted 25/1303
  extracted 50/1303
  extracted 75/1303
  extracted 100/1303
  extracted 125/1303
  extracted 150/1303
  extracted 175/1303
  extracted 200/1303
  extracted 225/1303
  extracted 250/1303
  extracted 275/1303
  extracted 300/1303
  extracted 325/1303
  extracted 350/1303
  extracted 375/1303
  extracted 400/1303
  extracted 425/1303
  extracted 450/1303
  extracted 475/1303
  extracted 500/1303
  extracted 525/1303
  extracted 550/1303
  extracted 575/1303
  extracted 600/1303
  extracted 625/1303
  extracted 650/1303
  extracted 675/1303
  extracted 700/1303
  extracted 725/1303
  extracted 750/1303
  extracted 775/1303
  extracted 800/1303
  extracted 825/1303
  extracted 850/1303
  extracted 875/1303
  extracted 900/1303
  extracted 925/1303
  extracted 950/1303
  extracted 975/1303
  extracted 1000/1303
  extracted 1025/1303
  extracted 1050/1303
  extracted 1075/1303
  extracted 1100/1303
  extracted 1125/1303
  extracted 1150/1303
  extracted 1175/1303
  extracted 1200/1303
  extracted 1225/1303
  extracted 1250/1303
  extracted 1275/1303
  extracted 1300/1303
  extracted 25/144
  extracted 50/144
  extracted 75/144
  extracted 100/144
  extracted 125/144
{"checkpoint": "checkpoints/deepseek_1.3b/step_007.pt", "gate_validation": {"prompt_true_positive_rate": 0.9791666865348816, "replacement_false_positive_rate": 0.0347222238779068, "retain_false_positive_rate": 0.0555555559694767}}
Step 8: transformers
  extracted 25/57
  extracted 50/57
{"checkpoint": "checkpoints/deepseek_1.3b/step_008.pt", "gate_validation": {"prompt_true_positive_rate": 1.0, "replacement_false_positive_rate": 0.0, "retain_false_positive_rate": 0.0}}
